0,standard,12_0,False,None,296.651359081
1,sine,0_5,True,9.53674316406e-07,511.230551958
2,sine,0_5,False,1.19209289551e-06,60.5446331501
